<?xml version='1.0' encoding='UTF-8'?>
<project xsi:schemaLocation="http://maven.apache.org/POM/4.0.0 http://maven.apache.org/xsd/maven-4.0.0.xsd" xmlns:xsi="http://www.w3.org/2001/XMLSchema-instance" xmlns="http://maven.apache.org/POM/4.0.0">
    <modelVersion>4.0.0</modelVersion>
    <groupId>com.lightbend</groupId>
    <artifactId>framework-sample-bom</artifactId>
    <packaging>pom</packaging>
    <description>framework-sample-bom</description>
    <version>4.3.2.1</version>
    <name>framework-sample-bom</name>
    <organization>
        <name>com.lightbend</name>
    </organization>
    <dependencyManagement>
        <dependencies>
            <dependency>
                <groupId>com.typesafe.akka</groupId>
                <artifactId>akka-actor-typed_2.13</artifactId>
                <version>2.6.13</version>
            </dependency>
        </dependencies>
    </dependencyManagement>
</project>
